<?xml version="1.0" encoding="UTF-8"?>
<TestRun id="cd9335bf-155a-4ae5-b59f-54f36805a320" name="User@VM1DOT9 2023-09-27 21:29:28" runUser="VM1DOT9\User" xmlns="http://microsoft.com/schemas/VisualStudio/TeamTest/2010">
  <TestSettings name="Default Test Settings" id="b3ca6b53-a222-4476-acd2-faf99cdb2f36">
    <Deployment userDeploymentRoot="C:\Users\User\source\repos\UnitTesting-MSTest-Examples" useDefaultDeploymentRoot="false" runDeploymentRoot="User_VM1DOT9 2023-09-27 21_29_28" />
    <Execution>
      <TestTypeSpecific />
      <AgentRule name="Execution Agents">
      </AgentRule>
    </Execution>
    <Properties />
  </TestSettings>
  <Times creation="2023-09-27T21:29:28.5843766+05:30" queuing="2023-09-27T21:29:31.1477880+05:30" start="2023-09-27T21:29:31.3071196+05:30" finish="2023-09-27T21:29:32.2658280+05:30" />
  <ResultSummary outcome="Completed">
    <Counters total="3" executed="3" passed="3" error="0" failed="0" timeout="0" aborted="0" inconclusive="0" passedButRunAborted="0" notRunnable="0" notExecuted="0" disconnected="0" warning="0" completed="0" inProgress="0" pending="0" />
  </ResultSummary>
  <TestDefinitions>
    <UnitTest name="GetNameTest" storage="c:\users\user\source\repos\unittesting-mstest-examples\unittesting-mstest-examples.tests\bin\debug\unittesting-mstest-examples.tests.dll" id="e1e55de2-548d-8c27-0893-862ae874b57d">
      <Execution id="1b1375d2-ed60-45ff-b382-b7b54c34c829" />
      <TestMethod codeBase="C:/Users/User/source/repos/UnitTesting-MSTest-Examples/UnitTesting-MSTest-Examples.Tests/bin/Debug/UnitTesting-MSTest-Examples.Tests.DLL" adapterTypeName="Microsoft.VisualStudio.TestTools.TestTypes.Unit.UnitTestAdapter, Microsoft.VisualStudio.QualityTools.Tips.UnitTest.Adapter, Version=15.0.0.0, Culture=neutral, PublicKeyToken=b03f5f7f11d50a3a" className="UnitTesting_MSTest_Examples.Tests.EmployeeTests, UnitTesting-MSTest-Examples.Tests, Version=1.0.0.0, Culture=neutral, PublicKeyToken=null" name="GetNameTest" />
    </UnitTest>
    <UnitTest name="AddTest" storage="c:\users\user\source\repos\unittesting-mstest-examples\unittesting-mstest-examples.tests\bin\debug\unittesting-mstest-examples.tests.dll" id="57e11a54-06e9-08a7-2282-aade5bc5fd41">
      <Execution id="f788ce14-41d9-4a35-8870-f9aad70fd731" />
      <TestMethod codeBase="C:/Users/User/source/repos/UnitTesting-MSTest-Examples/UnitTesting-MSTest-Examples.Tests/bin/Debug/UnitTesting-MSTest-Examples.Tests.DLL" adapterTypeName="Microsoft.VisualStudio.TestTools.TestTypes.Unit.UnitTestAdapter, Microsoft.VisualStudio.QualityTools.Tips.UnitTest.Adapter, Version=15.0.0.0, Culture=neutral, PublicKeyToken=b03f5f7f11d50a3a" className="UnitTesting_MSTest_Examples.Tests.CalculatorTests, UnitTesting-MSTest-Examples.Tests, Version=1.0.0.0, Culture=neutral, PublicKeyToken=null" name="AddTest" />
    </UnitTest>
    <UnitTest name="SubtractTest" storage="c:\users\user\source\repos\unittesting-mstest-examples\unittesting-mstest-examples.tests\bin\debug\unittesting-mstest-examples.tests.dll" id="f1bb6ba6-99db-29fa-6678-14713ef9251e">
      <Execution id="823d0320-46bf-44a3-81a4-058b175f9f0e" />
      <TestMethod codeBase="C:/Users/User/source/repos/UnitTesting-MSTest-Examples/UnitTesting-MSTest-Examples.Tests/bin/Debug/UnitTesting-MSTest-Examples.Tests.DLL" adapterTypeName="Microsoft.VisualStudio.TestTools.TestTypes.Unit.UnitTestAdapter, Microsoft.VisualStudio.QualityTools.Tips.UnitTest.Adapter, Version=15.0.0.0, Culture=neutral, PublicKeyToken=b03f5f7f11d50a3a" className="UnitTesting_MSTest_Examples.Tests.CalculatorTests, UnitTesting-MSTest-Examples.Tests, Version=1.0.0.0, Culture=neutral, PublicKeyToken=null" name="SubtractTest" />
    </UnitTest>
  </TestDefinitions>
  <TestLists>
    <TestList name="Results Not in a List" id="8c84fa94-04c1-424b-9868-57a2d4851a1d" />
    <TestList name="All Loaded Results" id="19431567-8539-422a-85d7-44ee4e166bda" />
  </TestLists>
  <TestEntries>
    <TestEntry testId="57e11a54-06e9-08a7-2282-aade5bc5fd41" executionId="f788ce14-41d9-4a35-8870-f9aad70fd731" testListId="8c84fa94-04c1-424b-9868-57a2d4851a1d" />
    <TestEntry testId="f1bb6ba6-99db-29fa-6678-14713ef9251e" executionId="823d0320-46bf-44a3-81a4-058b175f9f0e" testListId="8c84fa94-04c1-424b-9868-57a2d4851a1d" />
    <TestEntry testId="e1e55de2-548d-8c27-0893-862ae874b57d" executionId="1b1375d2-ed60-45ff-b382-b7b54c34c829" testListId="8c84fa94-04c1-424b-9868-57a2d4851a1d" />
  </TestEntries>
  <Results>
    <UnitTestResult executionId="f788ce14-41d9-4a35-8870-f9aad70fd731" testId="57e11a54-06e9-08a7-2282-aade5bc5fd41" testName="AddTest" computerName="VM1DOT9" duration="00:00:00.0301839" startTime="2023-09-27T21:29:31.5945485+05:30" endTime="2023-09-27T21:29:32.1515481+05:30" testType="13cdc9d9-ddb5-4fa4-a97d-d965ccfc6d4b" outcome="Passed" testListId="8c84fa94-04c1-424b-9868-57a2d4851a1d" relativeResultsDirectory="f788ce14-41d9-4a35-8870-f9aad70fd731">
    </UnitTestResult>
    <UnitTestResult executionId="823d0320-46bf-44a3-81a4-058b175f9f0e" testId="f1bb6ba6-99db-29fa-6678-14713ef9251e" testName="SubtractTest" computerName="VM1DOT9" duration="00:00:00.0007530" startTime="2023-09-27T21:29:32.1535482+05:30" endTime="2023-09-27T21:29:32.1555487+05:30" testType="13cdc9d9-ddb5-4fa4-a97d-d965ccfc6d4b" outcome="Passed" testListId="8c84fa94-04c1-424b-9868-57a2d4851a1d" relativeResultsDirectory="823d0320-46bf-44a3-81a4-058b175f9f0e">
    </UnitTestResult>
    <UnitTestResult executionId="1b1375d2-ed60-45ff-b382-b7b54c34c829" testId="e1e55de2-548d-8c27-0893-862ae874b57d" testName="GetNameTest" computerName="VM1DOT9" duration="00:00:00.0014771" startTime="2023-09-27T21:29:32.1605482+05:30" endTime="2023-09-27T21:29:32.1655492+05:30" testType="13cdc9d9-ddb5-4fa4-a97d-d965ccfc6d4b" outcome="Passed" testListId="8c84fa94-04c1-424b-9868-57a2d4851a1d" relativeResultsDirectory="1b1375d2-ed60-45ff-b382-b7b54c34c829">
    </UnitTestResult>
  </Results>
</TestRun>